###############################################################################
#                                                                             #
# IAR C/C++ Compiler V1.41.1.50116 for STM8             20/Oct/2016  15:22:21 #
# Copyright 2010-2013 IAR Systems AB.                                         #
#                                                                             #
#    Source file  =  D:\EF_proj\STM8\PortableRGB\PortableRGB_1.2\USER\LightPw #
#                    mDrv.c                                                   #
#    Command line =  D:\EF_proj\STM8\PortableRGB\PortableRGB_1.2\USER\LightPw #
#                    mDrv.c -e -On --no_cse --no_unroll --no_inline           #
#                    --no_code_motion --no_tbaa --no_cross_call --debug       #
#                    --code_model medium --data_model medium -o               #
#                    D:\EF_proj\STM8\PortableRGB\PortableRGB_1.2\PRJ\Debug\Ob #
#                    j\ --dlib_config D:\EF_proj\STM8\IAR\STM8_1.4\stm8\LIB\d #
#                    lstm8mmn.h -D STM8L15X_MD -lcN                           #
#                    D:\EF_proj\STM8\PortableRGB\PortableRGB_1.2\PRJ\Debug\Li #
#                    st\ -I D:\EF_proj\STM8\PortableRGB\PortableRGB_1.2\PRJ\. #
#                    .\LIB\STM8L15x_StdPeriph_Driver\inc\ -I                  #
#                    D:\EF_proj\STM8\PortableRGB\PortableRGB_1.2\PRJ\..\USER\ #
#                     --vregs 16                                              #
#    List file    =  D:\EF_proj\STM8\PortableRGB\PortableRGB_1.2\PRJ\Debug\Li #
#                    st\LightPwmDrv.lst                                       #
#    Object file  =  D:\EF_proj\STM8\PortableRGB\PortableRGB_1.2\PRJ\Debug\Ob #
#                    j\LightPwmDrv.o                                          #
#                                                                             #
#                                                                             #
###############################################################################

D:\EF_proj\STM8\PortableRGB\PortableRGB_1.2\USER\LightPwmDrv.c
      1          /*;*******************************************************************************
      2          ; FILENAME		: LightPwmDrv.c
      3          ; AUTHOR		: Feng Liu
      4          ; PURPOSE		: PWM-based Lighting Driver
      5          ; REVISION		: 1.0
      6          ; SYSTEM CLOCK	        : 16MHz
      7          ; MCU type              : STM8L051F3            
      8          ; Date Time             : 2016-04-18
      9          ; Copy right :          : Eastfield Lighting Co., Ltd.
     10          ;*******************************************************************************/
     11          
     12          
     13          /* Includes ------------------------------------------------------------------*/
     14          #include "LightPwmDrv.h"
     15          #include "typedef.h"
     16          #include "global.h"
     17          #include "main.h"
     18          
     19          /* Private typedef -----------------------------------------------------------*/
     20          /* Private define ------------------------------------------------------------*/
     21          
     22          #define COLD_LIGHT_PWM_PIN_PORT         GPIOB
     23          #define COLD_LIGHT_PWM_PIN_ID           GPIO_Pin_3
     24          
     25          #define WARM_LIGHT_PWM_PIN_PORT         GPIOB
     26          #define WARM_LIGHT_PWM_PIN_ID           GPIO_Pin_2
     27          
     28          #define PIC_LIGHT_PWM_PIN_PORT         GPIOB
     29          #define PIC_LIGHT_PWM_PIN_ID           GPIO_Pin_0
     30          
     31          // base frequency = 1M Hz
     32          // PWM frequency = (base Freq) / (TIM2_PWM_PERIOD + 1)
     33          // TIM2_PWM_PERIOD    199      
     34          //                    5K
     35          #define TIMx_PWM_PERIOD         254
     36          #define TIMx_PWM_PULSE          255
     37          
     38          #define TIM1_PRESCALER              64
     39          #define TIM1_REPTETION_COUNTER      0
     40          
     41          #define MAXLIGHTBRIGHTNESS            100
     42          #define TIM4_PERIOD                   254
     43          /* Private macro -------------------------------------------------------------*/
     44          /* Private variables ---------------------------------------------------------*/
     45          
     46          /* Private function prototypes -----------------------------------------------*/
     47          /* Private functions ---------------------------------------------------------*/
     48          /* Public functions ----------------------------------------------------------*/
     49          // 
     50          
     51          
     52          //pwm1:R:PD2 G:PB0 B:PB1
     53          //pwm2:R:PD4 G:PB2 B:PD0 W:PD5
     54          /**
     55            * @brief  Configure peripherals GPIO for WARM/COLD PWM   
     56            * @param  None
     57            * @retval None
     58            */
     59          static void TIMxRGBWLightPwm_ClkGpioConfig(void)
     60          {
     61            /* Enable TIM2 clock */
     62            CLK_PeripheralClockConfig(CLK_Peripheral_TIM1, ENABLE);
     63            CLK_PeripheralClockConfig(CLK_Peripheral_TIM2, ENABLE);
     64            CLK_PeripheralClockConfig(CLK_Peripheral_TIM3, ENABLE);
     65            //CLK_PeripheralClockConfig(CLK_Peripheral_TIM4, ENABLE);
     66            /* TIM2 Channel1 configuration: PB2 */
     67            /* TIM1 Channels 3N, 1  ,3 and 1N configuration: PD2, PD4 and PD7 */
     68            GPIO_Init(GPIOD, GPIO_Pin_0 | GPIO_Pin_2 | GPIO_Pin_4 | GPIO_Pin_5 , GPIO_Mode_Out_PP_Low_Fast);
     69          
     70            /* TIM1 Break input pin configuration */
     71            GPIO_Init(GPIOB, GPIO_Pin_0 | GPIO_Pin_1 | GPIO_Pin_2  , GPIO_Mode_Out_PP_Low_Fast);
     72          
     73          }
     74                        
     75          
     76          /**
     77            * @brief  Configure TIM2 peripheral   
     78            * @param  None
     79            * @retval None
     80            */
     81          static void TIMxPWMFunction_Config(void)
     82          {
     83            //////////////////tim1///////////////////////
     84            TIM1_TimeBaseInit(TIM1_PRESCALER, TIM1_CounterMode_Up, TIMx_PWM_PERIOD,TIM1_REPTETION_COUNTER);
     85            
     86            TIM1_OC1Init(TIM1_OCMode_PWM1, TIM1_OutputState_Enable, TIM1_OutputNState_Disable,
     87                         TIMx_PWM_PULSE, TIM1_OCPolarity_High, TIM1_OCNPolarity_Low, TIM1_OCIdleState_Set,
     88                         TIM1_OCNIdleState_Set);
     89            TIM1_OC1PreloadConfig(DISABLE);
     90            
     91            TIM1_OC2Init(TIM1_OCMode_PWM1, TIM1_OutputState_Enable, TIM1_OutputNState_Disable,
     92                         TIMx_PWM_PULSE, TIM1_OCPolarity_High, TIM1_OCNPolarity_Low, TIM1_OCIdleState_Set,
     93                         TIM1_OCNIdleState_Set);
     94            TIM1_OC2PreloadConfig(DISABLE);
     95            
     96            TIM1_OC3Init(TIM1_OCMode_PWM1, TIM1_OutputState_Enable, TIM1_OutputNState_Disable,
     97                         TIMx_PWM_PULSE, TIM1_OCPolarity_High, TIM1_OCNPolarity_Low, TIM1_OCIdleState_Set,
     98                         TIM1_OCNIdleState_Set);
     99            TIM1_OC3PreloadConfig(DISABLE);
    100          
    101            TIM1_CtrlPWMOutputs(ENABLE);
    102            TIM1_Cmd(ENABLE);
    103            //////////////////tim2/////////////////////
    104            
    105            /* TIM2 configuration:
    106               - TIM2 counter is clocked by HSI div 2 8M
    107                so the TIM2 counter clock used is HSI / 1 = 16M / 1 = 16 MHz
    108              TIM2 Channel1 output frequency = TIM2CLK / (TIM2 Prescaler * (TIM2_PERIOD + 1))
    109                                             = 16M / (1 * 2) = 8M Hz 
    110            = 16M / (8 * 200) = 10K Hz //TIM2_Prescaler_8; TIM2_PWM_PERIOD = 199
    111            */
    112            /* Time Base configuration */
    113            TIM2_TimeBaseInit(TIM2_Prescaler_64, TIM2_CounterMode_Up, TIMx_PWM_PERIOD);
    114            //TIM2_ETRClockMode2Config(TIM2_ExtTRGPSC_DIV4, TIM2_ExtTRGPolarity_NonInverted, 0);
    115          
    116            /* Channel 1 configuration in PWM1 mode */
    117            /* TIM2 channel Duty cycle is 100 * (TIM2_PERIOD + 1 - TIM2_PULSE) / (TIM2_PERIOD + 1) = 100 * 4/8 = 50 % */
    118            TIM2_OC1Init(TIM2_OCMode_PWM1, TIM2_OutputState_Enable, TIMx_PWM_PULSE, TIM2_OCPolarity_High, TIM2_OCIdleState_Set);
    119          
    120            /* Channel 2 configuration in PWM1 mode */
    121            /* TIM2 channel Duty cycle is 100 * (TIM2_PERIOD + 1 - TIM2_PULSE) / (TIM2_PWM_PERIOD + 1) = 100 * 4/8 = 50 % */
    122            TIM2_OC2Init(TIM2_OCMode_PWM1, TIM2_OutputState_Enable, TIMx_PWM_PULSE, TIM2_OCPolarity_High, TIM2_OCIdleState_Set);
    123          
    124            /* TIM2 Main Output Enable */
    125            TIM2_CtrlPWMOutputs(ENABLE);
    126          
    127            /* TIM2 counter enable */
    128            TIM2_Cmd(ENABLE);
    129            
    130            //////////////////////////tim3/////////////////
    131            
    132            TIM3_TimeBaseInit(TIM3_Prescaler_64, TIM3_CounterMode_Up, TIMx_PWM_PERIOD);
    133            //TIM2_ETRClockMode2Config(TIM2_ExtTRGPSC_DIV4, TIM2_ExtTRGPolarity_NonInverted, 0);
    134          
    135            /* Channel 1 configuration in PWM1 mode */
    136            /* TIM2 channel Duty cycle is 100 * (TIM2_PERIOD + 1 - TIM2_PULSE) / (TIM2_PERIOD + 1) = 100 * 4/8 = 50 % */
    137            TIM3_OC1Init(TIM3_OCMode_PWM1, TIM3_OutputState_Enable, TIMx_PWM_PULSE, TIM3_OCPolarity_High, TIM3_OCIdleState_Set);
    138          
    139            /* Channel 2 configuration in PWM1 mode */
    140            /* TIM2 channel Duty cycle is 100 * (TIM2_PERIOD + 1 - TIM2_PULSE) / (TIM2_PWM_PERIOD + 1) = 100 * 4/8 = 50 % */
    141            TIM3_OC2Init(TIM3_OCMode_PWM1, TIM3_OutputState_Enable, TIMx_PWM_PULSE, TIM3_OCPolarity_High, TIM3_OCIdleState_Set);
    142          
    143            
    144            TIM3_CtrlPWMOutputs(ENABLE);
    145          
    146            
    147            TIM3_Cmd(ENABLE);
    148            
    149          ///////////////tim4//////////////////
    150            //TIM4_TimeBaseInit(TIM4_Prescaler_16, TIM4_PERIOD);
    151            /* TIM4 update interrupt enable */
    152            //TIM4_ITConfig(TIM4_IT_Update, ENABLE);
    153          }
    154          
    155          void initTimPWMFunction (void)
    156          {
    157            TIMxRGBWLightPwm_ClkGpioConfig ();//gpio³õÊ¼»¯
    158            TIMxPWMFunction_Config ();
    159            //BrightnessCtrLight
    160            //driveRGBLightPwm1(255,0,0);
    161            //Delay(100000);
    162          }
    163          
    164          void Tim4CounterInit()
    165          {
    166            CLK_PeripheralClockConfig(CLK_Peripheral_TIM4, ENABLE);
    167            TIM4_DeInit();
    168            TIM4_TimeBaseInit(TIM4_Prescaler_256, TIM4_PERIOD);
    169            /* TIM4 update interrupt enable */
    170            TIM4_ITConfig(TIM4_IT_Update, ENABLE);
    171            TIM4_Cmd(ENABLE);
    172          }
    173          
    174          
    175          
    176          
    177          uint8_t tmpvalue = 0;
    178          
    179          
    180          void RGBBrightnessCtrLight(unsigned char WValue)
    181          {
    182            if (WValue >= 100)
    183              WValue = 100;
    184            WValue = WValue *255 / 100;
    185              
    186            TIM1_OC3Init(TIM1_OCMode_PWM1, TIM1_OutputState_Enable, TIM1_OutputNState_Disable,
    187                         WValue, TIM1_OCPolarity_High, TIM1_OCNPolarity_Low, TIM1_OCIdleState_Set,
    188                         TIM1_OCNIdleState_Set);
    189            
    190          }
    191          
    192          void RGBWBrightnessCtrLight(unsigned char WValue)
    193          {
    194            if (WValue >= 255)
    195              WValue = 255;
    196          
    197            TIM1_OC3Init(TIM1_OCMode_PWM1, TIM1_OutputState_Enable, TIM1_OutputNState_Disable,
    198                         WValue, TIM1_OCPolarity_High, TIM1_OCNPolarity_Low, TIM1_OCIdleState_Set,
    199                         TIM1_OCNIdleState_Set);
    200            
    201          }
    202          
    203          
    204          #if 0
    205          void BrightnessCtrLight2(void)
    206          {
    207            if(LIGHT2_BRIGHTNESS > MAXLIGHTBRIGHTNESS)
    208              LIGHT2_BRIGHTNESS = 100;
    209          
    210              tmpvalue2++;
    211          
    212              if(tmpvalue2==100)
    213                tmpvalue2 = 0;
    214          
    215            if(tmpvalue2 < LIGHT2_BRIGHTNESS)
    216              GPIO_SetBits(GPIOB,GPIO_Pin_3);
    217            else
    218              GPIO_ResetBits(GPIOB,GPIO_Pin_3);
    219          
    220          }
    221          #endif
    222          void regulateLightPulseWidthNO1 (unsigned char RValue, unsigned char GValue,unsigned char BValue )
    223          {
    224            //uint16_t pulseWidth;
    225            
    226            
    227            
    228            TIM1_OC1Init(TIM1_OCMode_PWM1, TIM1_OutputState_Enable, TIM1_OutputNState_Disable,
    229                         RValue , TIM1_OCPolarity_High, TIM1_OCNPolarity_Low, TIM1_OCIdleState_Set,
    230                         TIM1_OCNIdleState_Set);
    231            
    232            TIM2_OC1Init(TIM2_OCMode_PWM1, TIM2_OutputState_Enable, GValue , TIM2_OCPolarity_High, TIM2_OCIdleState_Set);  
    233            
    234            TIM3_OC1Init(TIM3_OCMode_PWM1, TIM3_OutputState_Enable, BValue , TIM3_OCPolarity_High, TIM3_OCIdleState_Set);
    235          }
    236          
    237          void regulateLightPulseWidthNO2 (unsigned char RValue, unsigned char GValue,unsigned char BValue)
    238          {
    239            //uint16_t pulseWidth;
    240            
    241            
    242          
    243            TIM1_OC2Init(TIM1_OCMode_PWM1, TIM1_OutputState_Enable, TIM1_OutputNState_Disable,
    244                         RValue , TIM1_OCPolarity_High, TIM1_OCNPolarity_Low, TIM1_OCIdleState_Set,
    245                         TIM1_OCNIdleState_Set);
    246            
    247            TIM2_OC2Init(TIM2_OCMode_PWM1, TIM2_OutputState_Enable, GValue , TIM2_OCPolarity_High, TIM2_OCIdleState_Set);  
    248            
    249            TIM3_OC2Init(TIM3_OCMode_PWM1, TIM3_OutputState_Enable, BValue , TIM3_OCPolarity_High, TIM3_OCIdleState_Set);
    250          }
    251          
    252          
    253          
    254          void driveRGBLightPwm1 (unsigned char RValue, unsigned char GValue,unsigned char BValue)
    255          {
    256            regulateLightPulseWidthNO1(RValue ,GValue ,BValue );
    257          
    258          }
    259          void driveRGBLightPwm2 (unsigned char RValue, unsigned char GValue,unsigned char BValue)
    260          {
    261            regulateLightPulseWidthNO1(RValue ,GValue ,BValue );
    262            
    263          }
    264          void RGBChangeBrighness1(unsigned char RValue, unsigned char GValue,unsigned char BValue,unsigned char WValue)
    265          {
    266            if(WValue>100)
    267              WValue = 100;
    268            RValue = RValue * WValue /100 ;
    269            GValue = GValue * WValue /100 ;
    270            BValue = BValue * WValue /100 ;
    271            regulateLightPulseWidthNO1(RValue ,GValue ,BValue );
    272          }
    273          
    274          void RGBChangeBrighness2(unsigned char RValue, unsigned char GValue,unsigned char BValue,unsigned char WValue)
    275          {
    276            if(WValue>100)
    277              WValue = 100;
    278            RValue = RValue * WValue /100 ;
    279            GValue = GValue * WValue /100 ;
    280            BValue = BValue * WValue /100 ;
    281            regulateLightPulseWidthNO2(RValue ,GValue ,BValue );
    282          }
    283          
    284          /******************* (C) COPYRIGHT 2016 Eastfield Lighting *****END OF FILE****/

   Section sizes:

   Bytes  Function/Label
   -----  --------------
      78  RGBBrightnessCtrLight
      98  RGBChangeBrighness1
      98  RGBChangeBrighness2
      50  RGBWBrightnessCtrLight
     251  TIMxPWMFunction_Config
      56  TIMxRGBWLightPwm_ClkGpioConfig
      41  Tim4CounterInit
      34  driveRGBLightPwm1
      34  driveRGBLightPwm2
       9  initTimPWMFunction
      95  regulateLightPulseWidthNO1
      95  regulateLightPulseWidthNO2
       1  tmpvalue

 
 939 bytes in section .far_func.text
   1 byte  in section .near.bss
 
 939 bytes of CODE memory
   1 byte  of DATA memory

Errors: none
Warnings: none
